;$sexp
(TypeDefs
  (Int 8)
  (ProcTy (Void))
)
(GlobalDefs)
(ProcDefs
  (ProcDef (Type 1)
    (Locals (Type 0) (Type 0))
    (Continuations
      (Continuation (Params)
        (Locals (Local 0) (Local 1))
        (Continue 1)
      )
      (Continuation (Params)
        (Locals (Local 0) (Local 1))
        (Continue 2)
      )
      (Continuation (Params))
    )
  )
)
