;$sexp
(TypeDefs
  (Int 8)
  (ProcTy (Void))
)
(GlobalDefs)
(ProcDefs
  (ProcDef (Type 1)
    (Locals (Type 0))
    (Continuations
      (Continuation (Params) (Locals)
        (Raise (IntVal 100)
          (Continue 1)
        )
      )
      (Except (Local 0)
        (Locals (Local 0))
        (Continue 2)
      )
      (Continuation (Params))
    )
  )
)
