(TypeDefs
  (Int 8)
  (ProcTy (Type 0))
  (ProcTy (Void))
)
(GlobalDefs)
(ProcDefs
  (ProcDef (Type 1) (Locals)
    (Continuations
      (Continuation (Params) (Locals)
        (Continue 1 (IntVal 100))
      )
      (Continuation
        (Params (Type 0))
      )
    )
  )
  (ProcDef (Type 2)
    (Locals (Type 0) (Type 0) (Type 0))
    (Continuations
      (Continuation (Params)
        (Locals (Local 0))
        (SelectBool (IntVal 0)
          (Continue 1)
          (Continue 2)
        )
      )
      (Continuation (Params)
        (Locals (Local 0) (Local 1))
        (Raise (IntVal 100)
          (Continue 4)
        )
      )
      (Continuation (Params)
        (Locals (Local 0))
        (Raise (IntVal 100)
          (Continue 3)
        )
      )
      (Except (Local 2)
        (Locals (Local 0) (Local 2) (Local 1))
        (Asgn (Local 1)
          (Copy (Local 0))
        )
        (Raise
          (Copy (Local 2))
          (Continue 4)
        )
      )
      (Except (Local 0)
        (Locals (Local 0) (Local 1))
        (Continue 5)
      )
      (Continuation (Params))
    )
  )
)
