;$sexp
(TypeDefs
  (ProcTy (Void)))
(GlobalDefs)
(ProcDefs
  (ProcDef (Type 0) (Locals)
    (List
      (Block (Params)
        (Drop (IntVal 100))
        (Unreachable)))))
