;$sexp
(TypeDefs
  (Int 8)
  (ProcTy (Void)))
(GlobalDefs)
(ProcDefs
  (ProcDef (Type 1)
    (Continuations
      (Continuation (Params) (Locals)
        (Continue 1 (IntVal 100) (List)))
      (Continuation
        (Params (Type 0))
        (Locals)
        (SelectBool (IntVal 0)
          (Continue 3 (List))
          (Continue 2 (List))))
      (Continuation (Params) (Locals)
        (Drop (IntVal 200))
        (Continue 3 (List)))
      (Continuation (Params) (Locals)
        (Continue 4 (IntVal 300) (List)))
      (Continuation
        (Params (Type 0))
        (Locals)
        (Continue 5 (List)))
      (Continuation (Params)))))
