;$sexp
(TypeDefs
  (Int 8)
  (ProcTy (Void)))
(GlobalDefs)
(ProcDefs
  (ProcDef (Type 1) 0
    (Locals (Type 0))
    (List
      (Block (Params)
        (Branch (IntVal 1)
          (Goto 1)
          (Goto 2)))
      (Block (Params)
        (Asgn (Local 0) (IntVal 100))
        (Goto 3))
      (Block (Params)
        (Asgn (Local 0) (IntVal 200))
        (Goto 3))
      (Block (Params)
        (Drop
          (Move (Local 0)))
        (Return)))))