;$sexp
(TypeDefs
  (Int 8)
  (Array 8 1 (Type 0))
  (ProcTy (Void))
  (UInt 8))
(GlobalDefs)
(ProcDefs
  (ProcDef (Type 2) 8
    (List
      (Block
        (Params (Type 3))
        (Locals)
        (Drop
          (Load (Type 0)
            (Addr
              (At
                (Deref (Type 1) (Copy (Param 0)))
                (IntVal 0)))))
        (Drop
          (Load (Type 0)
            (Addr
              (At
                (Deref (Type 1) (Copy (Param 0)))
                (IntVal 0)))))
        (Return)))))
