;$sexp
(TypeDefs
  (Int 4)
  (Blob 16)
  (ProcTy (Void))
  (UInt 8)
)
(GlobalDefs)
(ProcDefs
  (ProcDef (Type 2) (Locals)
    (Continuations
      (Continuation (Params))
    )
  )
)
