;$sexp
(TypeDefs
  (Int 8)
  (Blob 8)
  (Blob 8)
  (ProcTy (Void)))
(GlobalDefs)
(ProcDefs
  (ProcDef (Type 3)
    (Locals (Type 2) (Type 1))
    (Continuations
      (Continuation (Params)
        (Locals (Local 0) (Local 1))
        (Blit
          (Add (UInt 8)
            (Addr (Local 0))
            (IntVal 0))
          (Addr (Local 1))
          (IntVal 8))
        (Continue 1))
      (Continuation (Params)))))
