;$sexp
(TypeDefs
  (Int 8)
  (ProcTy (Void))
  (UInt 8)
)
(GlobalDefs)
(ProcDefs
  (ProcDef (Type 1) 0
    (List
      (Block (Params) (Locals)
        (Copy (IntVal 0) (IntVal 0) (IntVal 8))
        (Copy (IntVal 0) (IntVal 0) (IntVal 8))
        (Copy (IntVal 0) (IntVal 0) (IntVal 8))
        (Return)))))
