.type t0 (Int)
.type t1 (Float)
.type t2 (Proc t0)
.start t2 p0
  LdImmFloat 20.0
  LdImmFloat 19.0
  EqFloat
  Branch L5 1
  Jmp L7
.label L5
  LdImmInt 1
  Ret
.label L7
  LdImmInt 2
  Ret
.end
