.type t0 () -> void
.start t0 p0
  Unreachable
.end
