.type t0 () -> int
.start t0 p0
  LdImmInt -3
  SignExtend 56
  Ret
.end
