.type t0 () -> void
.start t0 p0
  LdImmInt 8
  Drop
  Ret
.end
