.type t0 (Int)
.type t1 (Proc t0)
.start t1 p0
.local lo0 int
  StackAlloc 8
  PopLocal lo0
  GetLocal lo0
  LdImmInt 100
  WrInt64 0
  GetLocal lo0
  LdInt64 0
  Ret
.end
