.type t0 () -> int
.start t0 p0
  LdImmInt 100
  Ret
.end
.start t0 p1
  LdImmInt 1
  IndCall t0 0
  Ret
.end
