;$sexp
(TypeDefs
  (ProcTy (Void)))
(GlobalDefs)
(ProcDefs
  (ProcDef (Type 0) (Params) (Locals)
    (Stmts
      (Drop (IntVal 100))
      (SelectBool (IntVal 0)
        (Continue 1)
        (Continue 0))
      (Join 0)
      (Drop (IntVal 200))
      (Continue 1)
      (Join 1)
      (Drop (IntVal 300))
      (Return))))
