(TypeDefs
  (ProcTy (Void)))
(GlobalDefs)
(ProcDefs
  (ProcDef (Type 0)
    (Continuations
      (Continuation (Params) (Locals)
        (SelectBool (IntVal 0)
          (Continue 2 (List))
          (Continue 1 (List))))
      (Continuation (Params) (Locals)
        (Drop (IntVal 100))
        (Continue 3 (List)))
      (Continuation (Params) (Locals)
        (Drop (IntVal 200))
        (Continue 3 (List)))
      (Continuation (Params) (Locals)
        (Drop (IntVal 300))
        (Continue 4 (List)))
      (Continuation (Params)))))
