;$sexp
(TypeDefs
  (Int 8)
  (ProcTy (Void)))
(GlobalDefs)
(ProcDefs
  (ProcDef (Type 1)
    (Continuations
      (Continuation (Params)
        (Locals (Type 0) (Type 0))
        (Continue 1
          (List
            (Move (Local 0))
            (Move (Local 1)))))
      (Continuation
        (Params (Type 0) (Type 0))
        (Locals)
        (SelectBool (IntVal 1)
          (Continue 3
            (List
              (Move (Local 0))
              (Move (Local 1))))
          (Continue 2 (List))))
      (Continuation (Params) (Locals)
        (Continue 14 (List)))
      (Continuation
        (Params (Type 0) (Type 0))
        (Locals)
        (Continue 4
          (List
            (Move (Local 0))
            (Move (Local 1)))))
      (Continuation
        (Params (Type 0) (Type 0))
        (Locals)
        (SelectBool (IntVal 1)
          (Continue 6
            (List
              (Move (Local 1))))
          (Continue 5
            (List
              (Move (Local 0))
              (Move (Local 1))))))
      (Continuation
        (Params (Type 0) (Type 0))
        (Locals)
        (Continue 8
          (List
            (Move (Local 0))
            (Move (Local 1)))))
      (Continuation
        (Params (Type 0))
        (Locals)
        (Continue 7 (IntVal 200)
          (List
            (Move (Local 0)))))
      (Continuation
        (Params (Type 0) (Type 0))
        (Locals)
        (Drop
          (Copy (Local 1)))
        (Loop 4
          (List
            (Move (Local 0))
            (Move (Local 1)))))
      (Continuation
        (Params (Type 0) (Type 0))
        (Locals)
        (Continue 9
          (List
            (Move (Local 0))
            (Move (Local 1)))))
      (Continuation
        (Params (Type 0) (Type 0))
        (Locals)
        (SelectBool (IntVal 1)
          (Continue 11
            (List
              (Move (Local 0))))
          (Continue 10
            (List
              (Move (Local 0))
              (Move (Local 1))))))
      (Continuation
        (Params (Type 0) (Type 0))
        (Locals)
        (Continue 13
          (List
            (Move (Local 0))
            (Move (Local 1)))))
      (Continuation
        (Params (Type 0))
        (Locals)
        (Drop
          (Copy (Local 0)))
        (Continue 12 (IntVal 100)
          (List
            (Move (Local 0)))))
      (Continuation
        (Params (Type 0) (Type 0))
        (Locals)
        (Loop 9
          (List
            (Move (Local 1))
            (Move (Local 0)))))
      (Continuation
        (Params (Type 0) (Type 0))
        (Locals)
        (Loop 1
          (List
            (Move (Local 0))
            (Move (Local 1)))))
      (Continuation (Params) (Locals)
        (Continue 15 (List)))
      (Continuation (Params)))))
