(TypeDefs
  (Int 8)
  (Record 8
    (Field 0 (Type 0)))
  (ProcTy (Void)))
(GlobalDefs)
(ProcDefs
  (ProcDef (Type 2)
    (Continuations
      (Continuation (Params)
        (Locals (Type 1))
        (Drop
          (Addr
            (Field (Local 0) 0)))
        (SelectBool (IntVal 0)
          (Continue 2
            (List
              (Rename (Local 0))))
          (Continue 1
            (List
              (Rename (Local 0))))))
      (Continuation
        (Params (Type 1))
        (Locals)
        (Drop (IntVal 100))
        (Continue 2
          (List
            (Rename (Local 0)))))
      (Continuation
        (Params (Type 1))
        (Locals)
        (Store (Type 0) (IntVal 0) (IntVal 200))
        (Continue 3 (List)))
      (Continuation (Params)))))
